---
source: src/ui/lidarr_ui/indexers/indexer_settings_ui_tests.rs
expression: output
---
                                                                                                                                                                     
                                                                                                                                                                     
                                                                                                                                                                     
                                                                                                                                                                     
                                                                                                                                                                     
                                                                                                                                                                     
                                                                                                                                                                     
                                                                                                                                                                     
                                                                                                                                                                     
                                                                                                                                                                     
                                                                                                                                                                     
                                                                                                                                                                     
                                                                                                                                                                     
                                                                                                                                                                     
                                             ╭───────────────────  Configure All Indexer Settings  ───────────────────╮                                              
                                             │                                                                        │                                              
                                             │                                                                        │                                              
                                             │                                                                        │                                              
                                             │                                   ╭────────────────────────────────╮   │                                              
                                             │         Minimum Age (minutes) ▴▾: │11                              │   │                                              
                                             │                                   ╰────────────────────────────────╯   │                                              
                                             │                                   ╭────────────────────────────────╮   │                                              
                                             │              Retention (days) ▴▾: │29                              │   │                                              
                                             │                                   ╰────────────────────────────────╯   │                                              
                                             │                                   ╭────────────────────────────────╮   │                                              
                                             │             Maximum Size (MB) ▴▾: │12345                           │   │                                              
                                             │                                   ╰────────────────────────────────╯   │                                              
                                             │                                   ╭────────────────────────────────╮   │                                              
                                             │   RSS Sync Interval (minutes) ▴▾: │60                              │   │                                              
                                             │                                   ╰────────────────────────────────╯   │                                              
                                             │                                                                        │                                              
                                             │                                                                        │                                              
                                             │                  ╭────────────────╮╭────────────────╮                  │                                              
                                             │                  │      Save      ││     Cancel     │                  │                                              
                                             │                  ╰────────────────╯╰────────────────╯                  │                                              
                                             ╰────────────────────────────────────────────────────────────────────────╯
