---
source: src/ui/readarr_ui/blocklist/blocklist_ui_tests.rs
expression: output
---
─────────────────────────────────────────────────────────────────────────────────────────────────────────────────────────────────────────────────────────────────────
   Author Name                                  Source Title                                                       Quality               Date                        
   First Author                                 First Source Title                                                 EPUB                  2023-05-20 21:29:16 UTC     
=> Second Author                                Second Source Title                                                MOBI                  2024-08-14 09:03:47 UTC     
                                                                                                                                                                     
                                                                                                                                                                     
                                                                                                                                                                     
                                                                                                                                                                     
                                                                                                                                                                     
                                                                                                                                                                     
                                                                                                                                                                     
                                                                                                                                                                     
                                                                                                                                                                     
                                                                                                                                                                     
                                                                                                                                                                     
                                                                                                                                                                     
                                                                                                                                                                     
                                                                                                                                                                     
                                                                                                                                                                     
                                                                                                                                                                     
                                         ╭───────────────────────────────────  Details  ───────────────────────────────────╮                                         
                                         │Name: Second Source Title                                                        │                                         
                                         │Protocol: torrent                                                                │                                         
                                         │Indexer: Nyaa                                                                    │                                         
                                         │Message: second blocklist message                                                │                                         
                                         │                                                                                 │                                         
                                         │                                                                                 │                                         
                                         │                                                                                 │                                         
                                         │                                                                                 │                                         
                                         ╰─────────────────────────────────────────────────────────────────────────────────╯
