---
source: src/ui/readarr_ui/blocklist/blocklist_ui_tests.rs
expression: output
---
─────────────────────────────────────────────────────────────────────────────────────────────────────────────────────────────────────────────────────────────────────
   Author Name ▼                                Source Title                                                       Quality               Date                        
=> Test Author                                  Test Source Title                                                  EPUB                  2023-05-20 21:29:16 UTC     
                                                                                                                                                                     
                                                                                                                                                                     
                                                                                                                                                                     
                                                                                                                                                                     
                                                                                                                                                                     
                                                                                                                                                                     
                                                                                                                                                                     
                                                                                                                                                                     
                                                                                                                                                                     
                                                                                                                                                                     
                                                                                                                                                                     
                                                                                                                                                                     
                                                                                                                                                                     
                                                                                                                                                                     
                                                                                                                                                                     
                                                                                                                                                                     
                                                                                                                                                                     
                                         ╭───────────────────────────────────  Details  ───────────────────────────────────╮                                         
                                         │Name: Test Source Title                                                          │                                         
                                         │Protocol: usenet                                                                 │                                         
                                         │Indexer: DrunkenSlug                                                             │                                         
                                         │Message: test message                                                            │                                         
                                         │                                                                                 │                                         
                                         │                                                                                 │                                         
                                         │                                                                                 │                                         
                                         │                                                                                 │                                         
                                         ╰─────────────────────────────────────────────────────────────────────────────────╯
