---
source: src/ui/radarr_ui/history/history_ui_tests.rs
expression: output
---
─────────────────────────────────────────────────────────────────────────────────────────────────────────────────────────────────────────────────────────────────────
   Source Title                                                  Event Type               Language             Quality               Date                            
=> Test                                                          grabbed                  English              HD - 1080p            2022-12-30 07:37:56 UTC         
                                                                                                                                                                     
                                                                                                                                                                     
                                                                                                                                                                     
                                                                                                                                                                     
                                                                                                                                                                     
                                                                                                                                                                     
                                                                                                                                                                     
                                                                                                                                                                     
                                                                                                                                                                     
                                                                                                                                                                     
                                                                  ╭───────────────────────────────╮                                                                  
                                                                  │Something                      │                                                                  
                                                                  │                               │                                                                  
                                                                  │                               │                                                                  
                                                                  │                               │                                                                  
                                                                  │                               │                                                                  
                                                                  │                               │                                                                  
                                                                  │                               │                                                                  
                                                                  │                               │                                                                  
                                                                  │                               │                                                                  
                                                                  │                               │                                                                  
                                                                  │                               │                                                                  
                                                                  │                               │                                                                  
                                                                  │                               │                                                                  
                                                                  │                               │                                                                  
                                                                  │                               │                                                                  
                                                                  │                               │                                                                  
                                                                  │                               │                                                                  
                                                                  │                               │                                                                  
                                                                  │                               │                                                                  
                                                                  │                               │                                                                  
                                                                  │                               │                                                                  
                                                                  │                               │                                                                  
                                                                  │                               │                                                                  
                                                                  ╰───────────────────────────────╯
