---
source: src/ui/lidarr_ui/root_folders/root_folders_ui_tests.rs
expression: output
---
─────────────────────────────────────────────────────────────────────────────────────────────────────────────────────────────────────────────────────────────────────
   Path                                                                                            Free Space                        Unmapped Folders                
=> /nfs                                                                                            204800.00 GB                      0                               
                                                                                                                                                                     
                                                                                                                                                                     
                                                                                                                                                                     
                            ╭───────────────────────────────────────────  Add Root Folder  ───────────────────────────────────────────╮                              
                            │                                                                                                         │                              
                            │                                                                                                         │                              
                            │                                                                                                         │                              
                            │                                                                                                         │                              
                            │                                                                                                         │                              
                            │                                                                                                         │                              
                            │                                                  ╭─────────────────────────────────────────────────╮    │                              
                            │                                            Name: │Test Root Folder                                 │    │                              
                            │                                                  ╰─────────────────────────────────────────────────╯    │                              
                            │                                                  ╭─────────────────────────────────────────────────╮    │                              
                            │                                            Path: │/nfs/music                                       │    │                              
                            │                                     ╭───────────────────────────────╮──────────────────────────────╯    │                              
                            │                                     │All Albums                     │──────────────────────────────╮    │                              
                            │                                     │No New Albums                  │                            ▼ │    │                              
                            │                                     │New Albums                     │──────────────────────────────╯    │                              
                            │                                     │                               │──────────────────────────────╮    │                              
                            │                              Monitor│                               │                            ▼ │    │                              
                            │                                     │                               │──────────────────────────────╯    │                              
                            │                                     │                               │──────────────────────────────╮    │                              
                            │                                 Qual│                               │                            ▼ │    │                              
                            │                                     │                               │──────────────────────────────╯    │                              
                            │                                     │                               │──────────────────────────────╮    │                              
                            │                                Metad│                               │                            ▼ │    │                              
                            │                                     │                               │──────────────────────────────╯    │                              
                            │                                     │                               │──────────────────────────────╮    │                              
                            │                                     ╰───────────────────────────────╯                              │    │                              
                            │                                                  ╰─────────────────────────────────────────────────╯    │                              
                            │                                                                                                         │                              
                            │                                                                                                         │                              
                            │                                                                                                         │                              
                            │                                                                                                         │                              
                            │                                                                                                         │                              
                            │                                                                                                         │                              
                            │╭───────────────────────────────────────────────────╮╭──────────────────────────────────────────────────╮│                              
                            ││                       Save                        ││                      Cancel                      ││                              
                            │╰───────────────────────────────────────────────────╯╰──────────────────────────────────────────────────╯│                              
                            ╰─────────────────────────────────────────────────────────────────────────────────────────────────────────╯
