---
source: src/ui/readarr_ui/indexers/indexer_settings_ui_tests.rs
expression: output
---
                                                                                                                                                                     
                                                                                                                                                                     
                                                                                                                                                                     
                                                                                                                                                                     
                                                                                                                                                                     
                                                                                                                                                                     
                                                                                                                                                                     
                                                                                                                                                                     
                                                                                                                                                                     
                                                                                                                                                                     
                                                                                                                                                                     
                                                                                                                                                                     
                                                                                                                                                                     
                                                                                                                                                                     
                                             ╭───────────────────  Configure All Indexer Settings  ───────────────────╮                                              
                                             │                                                                        │                                              
                                             │                                                                        │                                              
                                             │                                                                        │                                              
                                             │                                   ╭────────────────────────────────╮   │                                              
                                             │         Minimum Age (minutes) ▴▾: │17                              │   │                                              
                                             │                                   ╰────────────────────────────────╯   │                                              
                                             │                                   ╭────────────────────────────────╮   │                                              
                                             │              Retention (days) ▴▾: │43                              │   │                                              
                                             │                                   ╰────────────────────────────────╯   │                                              
                                             │                                   ╭────────────────────────────────╮   │                                              
                                             │             Maximum Size (MB) ▴▾: │26500                           │   │                                              
                                             │                                   ╰────────────────────────────────╯   │                                              
                                             │                                   ╭────────────────────────────────╮   │                                              
                                             │   RSS Sync Interval (minutes) ▴▾: │35                              │   │                                              
                                             │                                   ╰────────────────────────────────╯   │                                              
                                             │                                                                        │                                              
                                             │                                                                        │                                              
                                             │                  ╭────────────────╮╭────────────────╮                  │                                              
                                             │                  │      Save      ││     Cancel     │                  │                                              
                                             │                  ╰────────────────╯╰────────────────╯                  │                                              
                                             ╰────────────────────────────────────────────────────────────────────────╯
