---
source: src/ui/readarr_ui/indexers/indexer_settings_ui_tests.rs
expression: output
---
                                                                                                                                                                     
                                                                                                                                                                     
                                                                                                                                                                     
                                                                                                                                                                     
                                                                                                                                                                     
                                                                                                                                                                     
                                                                                                                                                                     
                                                                                                                                                                     
                                                                                                                                                                     
                                                                                                                                                                     
                                                                                                                                                                     
                                                                                                                                                                     
                                                                                                                                                                     
                                                                                                                                                                     
                                             ╭───────────────────  Configure All Indexer Settings  ───────────────────╮                                              
                                             │                                                                        │                                              
                                             │                                                                        │                                              
                                             │ Loading ...                                                            │                                              
                                             │                                                                        │                                              
                                             │                                                                        │                                              
                                             │                                                                        │                                              
                                             │                                                                        │                                              
                                             │                                                                        │                                              
                                             │                                                                        │                                              
                                             │                                                                        │                                              
                                             │                                                                        │                                              
                                             │                                                                        │                                              
                                             │                                                                        │                                              
                                             │                                                                        │                                              
                                             │                                                                        │                                              
                                             │                                                                        │                                              
                                             │                                                                        │                                              
                                             │                                                                        │                                              
                                             │                                                                        │                                              
                                             │                                                                        │                                              
                                             ╰────────────────────────────────────────────────────────────────────────╯
