---
source: src/ui/readarr_ui/indexers/indexers_ui_tests.rs
expression: output
---
─────────────────────────────────────────────────────────────────────────────────────────────────────────────────────────────────────────────────────────────────────
   Indexer                              RSS                   Automatic Search      Interactive Search    Priority              Tags                                 
=> Decoy Usenet Indexer                 Disabled              Enabled               Enabled               7                     usenet-only                          
   Test Torrent Indexer                 Enabled               Enabled               Disabled              42                    alex                                 
                                                                                                                                                                     
                                                                                                                                                                     
                                                                                                                                                                     
                                                                                                                                                                     
                                                                                                                                                                     
                                                                                                                                                                     
                                                                                                                                                                     
                                                                                                                                                                     
                                                                                                                                                                     
                                                                                                                                                                     
                                             ╭───────────────────  Configure All Indexer Settings  ───────────────────╮                                              
                                             │                                                                        │                                              
                                             │                                                                        │                                              
                                             │                                                                        │                                              
                                             │                                   ╭────────────────────────────────╮   │                                              
                                             │         Minimum Age (minutes) ▴▾: │17                              │   │                                              
                                             │                                   ╰────────────────────────────────╯   │                                              
                                             │                                   ╭────────────────────────────────╮   │                                              
                                             │              Retention (days) ▴▾: │43                              │   │                                              
                                             │                                   ╰────────────────────────────────╯   │                                              
                                             │                                   ╭────────────────────────────────╮   │                                              
                                             │             Maximum Size (MB) ▴▾: │26500                           │   │                                              
                                             │                                   ╰────────────────────────────────╯   │                                              
                                             │                                   ╭────────────────────────────────╮   │                                              
                                             │   RSS Sync Interval (minutes) ▴▾: │35                              │   │                                              
                                             │                                   ╰────────────────────────────────╯   │                                              
                                             │                                                                        │                                              
                                             │                                                                        │                                              
                                             │                  ╭────────────────╮╭────────────────╮                  │                                              
                                             │                  │      Save      ││     Cancel     │                  │                                              
                                             │                  ╰────────────────╯╰────────────────╯                  │                                              
                                             ╰────────────────────────────────────────────────────────────────────────╯
