---
source: src/ui/readarr_ui/root_folders/add_root_folder_ui_tests.rs
expression: output
---
                                                                                                                                                                     
                                                                                                                                                                     
                                                                                                                                                                     
                                                                                                                                                                     
                                                                                                                                                                     
                                                                                                                                                                     
                            ╭───────────────────────────────────────────  Add Root Folder  ───────────────────────────────────────────╮                              
                            │                                                                                                         │                              
                            │                                                                                                         │                              
                            │                                                                                                         │                              
                            │                                                                                                         │                              
                            │                                                                                                         │                              
                            │                                                                                                         │                              
                            │                                                  ╭─────────────────────────────────────────────────╮    │                              
                            │                                            Name: │Test Root Folder                                 │    │                              
                            │                                                  ╰─────────────────────────────────────────────────╯    │                              
                            │                                                  ╭─────────────────────────────────────────────────╮    │                              
                            │                                            Path: │/nfs/books                                       │    │                              
                            │                                     ╭───────────────────────────────╮──────────────────────────────╯    │                              
                            │                                     │All Books                      │──────────────────────────────╮    │                              
                            │                                     │Future Books                   │                            ▼ │    │                              
                            │                                     │Missing Books                  │──────────────────────────────╯    │                              
                            │                                     │Existing Books                 │──────────────────────────────╮    │                              
                            │                               Monito│First Book                     │                            ▼ │    │                              
                            │                                     │Latest Book                    │──────────────────────────────╯    │                              
                            │                                     │None                           │──────────────────────────────╮    │                              
                            │                                 Qual│Unknown                        │                            ▼ │    │                              
                            │                                     │                               │──────────────────────────────╯    │                              
                            │                                     │                               │──────────────────────────────╮    │                              
                            │                                Metad│                               │                            ▼ │    │                              
                            │                                     │                               │──────────────────────────────╯    │                              
                            │                                     │                               │──────────────────────────────╮    │                              
                            │                                     ╰───────────────────────────────╯                              │    │                              
                            │                                                  ╰─────────────────────────────────────────────────╯    │                              
                            │                                                                                                         │                              
                            │                                                                                                         │                              
                            │                                                                                                         │                              
                            │                                                                                                         │                              
                            │                                                                                                         │                              
                            │                                                                                                         │                              
                            │╭───────────────────────────────────────────────────╮╭──────────────────────────────────────────────────╮│                              
                            ││                       Save                        ││                      Cancel                      ││                              
                            │╰───────────────────────────────────────────────────╯╰──────────────────────────────────────────────────╯│                              
                            ╰─────────────────────────────────────────────────────────────────────────────────────────────────────────╯
