---
source: src/ui/sonarr_ui/indexers/test_all_indexers_ui_tests.rs
expression: output
---
                                                                                                                                                                     
                                                                                                                                                                     
                                                                                                                                                                     
                                                                                                                                                                     
                                                                                                                                                                     
                                                                                                                                                                     
                    ╭  Test All Indexers  ─────────────────────────────────────────────────────────────────────────────────────────────────────╮                     
                    │   Indexer                Pass/Fail    Failure Messages                                                                   │                     
                    │=> DrunkenSlug            ❌            Some failure                                                                       │                     
                    │                                                                                                                          │                     
                    │                                                                                                                          │                     
                    │                                                                                                                          │                     
                    │                                                                                                                          │                     
                    │                                                                                                                          │                     
                    │                                                                                                                          │                     
                    │                                                                                                                          │                     
                    │                                                                                                                          │                     
                    │                                                                                                                          │                     
                    │                                                                                                                          │                     
                    │                                                                                                                          │                     
                    │                                                                                                                          │                     
                    │                                                                                                                          │                     
                    │                                                                                                                          │                     
                    │                                                                                                                          │                     
                    │                                                                                                                          │                     
                    │                                                                                                                          │                     
                    │                                                                                                                          │                     
                    │                                                                                                                          │                     
                    │                                                                                                                          │                     
                    │                                                                                                                          │                     
                    │                                                                                                                          │                     
                    │                                                                                                                          │                     
                    │                                                                                                                          │                     
                    │                                                                                                                          │                     
                    │                                                                                                                          │                     
                    │                                                                                                                          │                     
                    │                                                                                                                          │                     
                    │                                                                                                                          │                     
                    │                                                                                                                          │                     
                    │                                                                                                                          │                     
                    │                                                                                                                          │                     
                    │                                                                                                                          │                     
                    │                                                                                                                          │                     
                    ╰──────────────────────────────────────────────────────────────────────────────────────────────────────────────────────────╯
