---
source: src/ui/sonarr_ui/indexers/edit_indexer_ui_tests.rs
expression: output
---
                                                                                                                                                                     
                                                                                                                                                                     
                                                                                                                                                                     
                                                                                                                                                                     
                                                                                                                                                                     
                                                                                                                                                                     
                                                                                                                                                                     
                                                                                                                                                                     
                                                                                                                                                                     
                                                                                                                                                                     
                                                                                                                                                                     
                                                                                                                                                                     
                                                                                                                                                                     
                         ╭────────────────────────────────────────────────  Edit Indexer  ─────────────────────────────────────────────────╮                         
                         │                                                                                                                 │                         
                         │                                                                                                                 │                         
                         │ Loading ...                                                                                                     │                         
                         │                                                                                                                 │                         
                         │                                                                                                                 │                         
                         │                                                                                                                 │                         
                         │                                                                                                                 │                         
                         │                                                                                                                 │                         
                         │                                                                                                                 │                         
                         │                                                                                                                 │                         
                         │                                                                                                                 │                         
                         │                                                                                                                 │                         
                         │                                                                                                                 │                         
                         │                                                                                                                 │                         
                         │                                                                                                                 │                         
                         │                                                                                                                 │                         
                         │                                                                                                                 │                         
                         │                                                                                                                 │                         
                         │                                                                                                                 │                         
                         │                                                                                                                 │                         
                         │                                                                                                                 │                         
                         │                                                                                                                 │                         
                         │                                                                                                                 │                         
                         ╰─────────────────────────────────────────────────────────────────────────────────────────────────────────────────╯
