---
source: src/ui/radarr_ui/blocklist/blocklist_ui_tests.rs
expression: output
---
────────────────────────────────────────────────────────────────────────────────────────────────────────────────────────
                                                                                                                        
                                                                                                                        
 Loading ...
