---
source: src/ui/radarr_ui/radarr_ui_tests.rs
expression: output
---
╭  Movies  ────────────────────────────────────────────────────────────────────────────────────────────────────────────╮
│ Library │ Collections │ Downloads │ Blocklist │ Root Folders │ Indexers │ System                                     │
│──────────────────────────────────────────────────────────────────────────────────────────────────────────────────────│
│   Title                           Year  Studio     Runtime Rating  Languag Size    Quality Pro Monitor Tags          │
│=> Test Movie                      0                0h 0m                   0.00 GB Any                               │
│                                                                                                                      │
│                                                                                                                      │
│                                                                                                                      │
│                                                                                                                      │
│                                                                                                                      │
│                                                                                                                      │
│                                                                                                                      │
│                                                                                                                      │
│                                                                                                                      │
│                                                                                                                      │
│                                                                                                                      │
│                                                                                                                      │
│                                                                                                                      │
│                                                                                                                      │
│                                                                                                                      │
│                                                                                                                      │
│                                                                                                                      │
│                                                                                                                      │
│                                                                                                                      │
│                                                                                                                      │
│                                                                                                                      │
│                                                                                                                      │
│                                                                                                                      │
│                                                                                                                      │
╰──────────────────────────────────────────────────────────────────────────────────────────────────────────────────────╯
