---
source: src/ui/radarr_ui/radarr_ui_tests.rs
expression: output
---
╭  Movies  ─────────────────────────────────────────────────────────────────────────────────────────────────────────────────────────────────────────────────────────╮
│ Library │ Collections │ Downloads │ Blocklist │ Root Folders │ Indexers │ System                                                                                  │
│───────────────────────────────────────────────────────────────────────────────────────────────────────────────────────────────────────────────────────────────────│
│   Path                                                                                           Free Space                       Unmapped Folders                │
│=> /nfs                                                                                           204800.00 GB                     0                               │
│                                                                                                                                                                   │
│                                                                                                                                                                   │
│                                                                                                                                                                   │
│                                                                                                                                                                   │
│                                                                                                                                                                   │
│                                                                                                                                                                   │
│                                                                                                                                                                   │
│                                                                                                                                                                   │
│                                                                                                                                                                   │
│                                                                                                                                                                   │
│                                                                                                                                                                   │
│                                                                                                                                                                   │
│                                                                                                                                                                   │
│                                                                                                                                                                   │
│                                                                                                                                                                   │
│                                                                                                                                                                   │
│                                                                                                                                                                   │
│                                                                                                                                                                   │
│                                                                                                                                                                   │
│                                                                                                                                                                   │
│                                                                                                                                                                   │
│                                                                                                                                                                   │
│                                                                                                                                                                   │
│                                                                                                                                                                   │
│                                                                                                                                                                   │
│                                                                                                                                                                   │
│                                                                                                                                                                   │
│                                                                                                                                                                   │
│                                                                                                                                                                   │
│                                                                                                                                                                   │
│                                                                                                                                                                   │
│                                                                                                                                                                   │
│                                                                                                                                                                   │
│                                                                                                                                                                   │
│                                                                                                                                                                   │
│                                                                                                                                                                   │
│                                                                                                                                                                   │
│                                                                                                                                                                   │
│                                                                                                                                                                   │
│                                                                                                                                                                   │
│                                                                                                                                                                   │
│                                                                                                                                                                   │
│                                                                                                                                                                   │
│                                                                                                                                                                   │
╰───────────────────────────────────────────────────────────────────────────────────────────────────────────────────────────────────────────────────────────────────╯
