---
source: src/ui/sonarr_ui/sonarr_ui_tests.rs
expression: output
---
╭  Series  ─────────────────────────────────────────────────────────────────────────────────────────────────────────────────────────────────────────────────────────╮
│ Library │ Downloads │ Blocklist │ History │ Root Folders │ Indexers │ System                                                                                      │
│───────────────────────────────────────────────────────────────────────────────────────────────────────────────────────────────────────────────────────────────────│
│   Title                                         Percent Complete  Size               Output Path                 Indexer                     Download Client      │
│=> Test Download Title                           50%               3.30 GB            /nfs/tv/Test show/season 1/ kickass torrents            transmission         │
│                                                                                                                                                                   │
│                                                                                                                                                                   │
│                                                                                                                                                                   │
│                                                                                                                                                                   │
│                                                                                                                                                                   │
│                                                                                                                                                                   │
│                                                                                                                                                                   │
│                                                                                                                                                                   │
│                                                                                                                                                                   │
│                                                                                                                                                                   │
│                                                                                                                                                                   │
│                                                                                                                                                                   │
│                                                                                                                                                                   │
│                                                                                                                                                                   │
│                                                                                                                                                                   │
│                                                                                                                                                                   │
│                                                                                                                                                                   │
│                                                                                                                                                                   │
│                                                                                                                                                                   │
│                                                                                                                                                                   │
│                                                                                                                                                                   │
│                                                                                                                                                                   │
│                                                                                                                                                                   │
│                                                                                                                                                                   │
│                                                                                                                                                                   │
│                                                                                                                                                                   │
│                                                                                                                                                                   │
│                                                                                                                                                                   │
│                                                                                                                                                                   │
│                                                                                                                                                                   │
│                                                                                                                                                                   │
│                                                                                                                                                                   │
│                                                                                                                                                                   │
│                                                                                                                                                                   │
│                                                                                                                                                                   │
│                                                                                                                                                                   │
│                                                                                                                                                                   │
│                                                                                                                                                                   │
│                                                                                                                                                                   │
│                                                                                                                                                                   │
│                                                                                                                                                                   │
│                                                                                                                                                                   │
│                                                                                                                                                                   │
│                                                                                                                                                                   │
╰───────────────────────────────────────────────────────────────────────────────────────────────────────────────────────────────────────────────────────────────────╯
