---
source: src/ui/radarr_ui/indexers/edit_indexer_ui_tests.rs
expression: output
---
                                                                                                                        
                                                                                                                        
                                                                                                                        
                                                                                                                        
                                                                                                                        
                                                                                                                        
                                                                                                                        
                                                                                                                        
                  ╭─────────────────────────────────  Edit Indexer  ─────────────────────────────────╮                  
                  │                                                                                  │                  
                  │                    ╭─────────────────╮                     ╭─────────────────╮   │                  
                  │              Name: ╰─────────────────╯                URL: ╰─────────────────╯   │                  
                  │                    ╭───╮                                   ╭─────────────────╮   │                  
                  │                    ╭───╮                          API Key: ╰─────────────────╯   │                  
                  │ Enable Automatic Se╰───╯                                   ╭─────────────────╮   │                  
                  │                    ╭───╮                             Tags: ╰─────────────────╯   │                  
                  │                                                            ╭─────────────────╮   │                  
                  │                                         Indexer Priority ▴▾╰─────────────────╯   │                  
                  │                                                                                  │                  
                  │                     ╭──────────────────╮╭───────────────────╮                    │                  
                  │                     │       Save       ││      Cancel       │                    │                  
                  │                     ╰──────────────────╯╰───────────────────╯                    │                  
                  ╰──────────────────────────────────────────────────────────────────────────────────╯
