---
source: src/ui/radarr_ui/indexers/indexer_settings_ui_tests.rs
expression: output
---
                                                                                                                        
                                                                                                                        
                                                                                                                        
                                                                                                                        
                                                                                                                        
                                                                                                                        
                                                                                                                        
                                                                                                                        
                  ╭────────────────────────  Configure All Indexer Settings  ────────────────────────╮                  
                  │                                                                                  │                  
                  │                    ╭─────────────────╮                     ╭─────────────────╮   │                  
                  │ Minimum Age (minute╰─────────────────╯  Availability Delay ╰─────────────────╯   │                  
                  │                    ╭─────────────────╮                     ╭─────────────────╮   │                  
                  │ Retention (days) ▴▾╰─────────────────╯  RSS Sync Interval (╰─────────────────╯   │                  
                  │                    ╭─────────────────╮                     ╭─────────────────╮   │                  
                  │ Maximum Size (MB) ▴╰─────────────────╯  Whitelisted Subtitl╰─────────────────╯   │                  
                  │                    ╭───╮                                   ╭───╮                 │                  
                  │ Prefer Indexer Flag╰───╯                Allow Hardcoded Sub╰───╯                 │                  
                  │                                                                                  │                  
                  │                     ╭──────────────────╮╭───────────────────╮                    │                  
                  │                     │       Save       ││      Cancel       │                    │                  
                  │                     ╰──────────────────╯╰───────────────────╯                    │                  
                  ╰──────────────────────────────────────────────────────────────────────────────────╯
