---
source: src/ui/radarr_ui/indexers/test_all_indexers_ui_tests.rs
expression: output
---
                                                                                                                        
                                                                                                                        
                                                                                                                        
                                                                                                                        
              ╭  Test All Indexers  ───────────────────────────────────────────────────────────────────╮                
              │                                                                                        │                
              │                                                                                        │                
              │ Loading ...                                                                            │                
              │                                                                                        │                
              │                                                                                        │                
              │                                                                                        │                
              │                                                                                        │                
              │                                                                                        │                
              │                                                                                        │                
              │                                                                                        │                
              │                                                                                        │                
              │                                                                                        │                
              │                                                                                        │                
              │                                                                                        │                
              │                                                                                        │                
              │                                                                                        │                
              │                                                                                        │                
              │                                                                                        │                
              │                                                                                        │                
              │                                                                                        │                
              ╰────────────────────────────────────────────────────────────────────────────────────────╯
