---
source: src/ui/sonarr_ui/system/system_ui_tests.rs
expression: output
---
╭  Tasks  ────────────────────────────────────────────────────────────────────────╮╭  Queued Events  ───────────────────────────────────────────────────────────────╮
│                                                                                 ││                                                                                │
│                                                                                 ││                                                                                │
│ Loading ...                                                                     ││ Loading ...                                                                    │
│                                                                                 ││                                                                                │
│                                                                                 ││                                                                                │
│                                                                                 ││                                                                                │
│                                                                                 ││                                                                                │
│                                                                                 ││                                                                                │
│                                                                                 ││                                                                                │
│                                                                                 ││                                                                                │
│                                                                                 ││                                                                                │
│                                                                                 ││                                                                                │
│                                                                                 ││                                                                                │
│                                                                                 ││                                                                                │
│                                                                                 ││                                                                                │
│                                                                                 ││                                                                                │
│                                                                                 ││                                                                                │
│                                                                                 ││                                                                                │
│                                                                                 ││                                                                                │
│                                                                                 ││                                                                                │
│                                                                                 ││                                                                                │
│                                                                                 ││                                                                                │
│                                                                                 ││                                                                                │
╰─────────────────────────────────────────────────────────────────────────────────╯╰────────────────────────────────────────────────────────────────────────────────╯
╭  Logs  ───────────────────────────────────────────────────────────────────────────────────────────────────────────────────────────────────────────────────────────╮
│2025-12-16 16:40:59 UTC|INFO|ImportListSyncService|No list items to process                                                                                        │
│                                                                                                                                                                   │
│                                                                                                                                                                   │
│                                                                                                                                                                   │
│                                                                                                                                                                   │
│                                                                                                                                                                   │
│                                                                                                                                                                   │
│                                                                                                                                                                   │
│                                                                                                                                                                   │
│                                                                                                                                                                   │
│                                                                                                                                                                   │
│                                                                                                                                                                   │
│                                                                                                                                                                   │
│                                                                                                                                                                   │
│                                                                                                                                                                   │
│                                                                                                                                                                   │
│                                                                                                                                                                   │
│                                                                                                                                                                   │
│                                                                                                                                                                   │
│                                                                                                                                                                   │
│                                                                                                                                                                   │
│                                                                                                                                                                   │
│                                                                                                                                                                   │
╰───────────────────────────────────────────────────────────────────────────────────────────────────────────────────────────────────────────────────────────────────╯
