---
source: src/ui/sonarr_ui/system/system_ui_tests.rs
expression: output
---
╭  Tasks  ────────────────────────────────────────────────────────────────────────╮╭  Queued Events  ───────────────────────────────────────────────────────────────╮
│                                                                                 ││                                                                                │
│                                                                                 ││                                                                                │
│ Loading ...                                                                     ││ Loading ...                                                                    │
│                                                                                 ││                                                                                │
│                                                                                 ││                                                                                │
│                                                                                 ││                                                                                │
│                                                                                 ││                                                                                │
│                                                                                 ││                                                                                │
│                                                                                 ││                                                                                │
│                                                                                 ││                                                                                │
│                                                                                 ││                                                                                │
│                                                                                 ││                                                                                │
│                                                                                 ││                                                                                │
│                                                                                 ││                                                                                │
│                                                                                 ││                                                                                │
│                                                                                 ││                                                                                │
│                                                                                 ││                                                                                │
│                                                                                 ││                                                                                │
│                                                                                 ││                                                                                │
│                                                                                 ││                                                                                │
│                                                                                 ││                                                                                │
│                                                                                 ││                                                                                │
│                                                                                 ││                                                                                │
╰─────────────────────────────────────────────────────────────────────────────────╯╰────────────────────────────────────────────────────────────────────────────────╯
╭  Logs  ───────────────────────────────────────────────────────────────────────────────────────────────────────────────────────────────────────────────────────────╮
│                                                                                                                                                                   │
│                                                                                                                                                                   │
│ Loading ...                                                                                                                                                       │
│                                                                                                                                                                   │
│                                                                                                                                                                   │
│                                                                                                                                                                   │
│                                                                                                                                                                   │
│                                                                                                                                                                   │
│                                                                                                                                                                   │
│                                                                                                                                                                   │
│                                                                                                                                                                   │
│                                                                                                                                                                   │
│                                                                                                                                                                   │
│                                                                                                                                                                   │
│                                                                                                                                                                   │
│                                                                                                                                                                   │
│                                                                                                                                                                   │
│                                                                                                                                                                   │
│                                                                                                                                                                   │
│                                                                                                                                                                   │
│                                                                                                                                                                   │
│                                                                                                                                                                   │
│                                                                                                                                                                   │
╰───────────────────────────────────────────────────────────────────────────────────────────────────────────────────────────────────────────────────────────────────╯
