---
source: src/ui/sonarr_ui/blocklist/blocklist_ui_tests.rs
expression: output
---
─────────────────────────────────────────────────────────────────────────────────────────────────────────────────────────────────────────────────────────────────────
   Series Title ▼                            Source Title                                                 Language          Quality          Date                    
=> Test Series                               Test Source Title                                            English           Bluray-1080p     2024-02-10 07:28:45 UTC 
                                                                                                                                                                     
                                                                                                                                                                     
                                                                                                                                                                     
                                                                                                                                                                     
                                                                                                                                                                     
                                                                                                                                                                     
                                                                                                                                                                     
                                                                                                                                                                     
                                                                                                                                                                     
                                                                                                                                                                     
                                                                                                                                                                     
                                                                                                                                                                     
                                                                                                                                                                     
                                                   ╭──────────────  Remove Item from Blocklist  ───────────────╮                                                     
                                                   │   Do you want to remove this item from your blocklist:    │                                                     
                                                   │                    Test Source Title?                     │                                                     
                                                   │                                                           │                                                     
                                                   │                                                           │                                                     
                                                   │                                                           │                                                     
                                                   │                                                           │                                                     
                                                   │                                                           │                                                     
                                                   │                                                           │                                                     
                                                   │                                                           │                                                     
                                                   │                                                           │                                                     
                                                   │                                                           │                                                     
                                                   │                                                           │                                                     
                                                   │                                                           │                                                     
                                                   │╭────────────────────────────╮╭───────────────────────────╮│                                                     
                                                   ││             Yes            ││            No             ││                                                     
                                                   │╰────────────────────────────╯╰───────────────────────────╯│                                                     
                                                   ╰───────────────────────────────────────────────────────────╯
