---
source: src/ui/radarr_ui/root_folders/root_folders_ui_tests.rs
expression: output
---
─────────────────────────────────────────────────────────────────────────────────────────────────────────────────────────────────────────────────────────────────────
   Path                                                                                            Free Space                        Unmapped Folders                
=> /nfs                                                                                            204800.00 GB                      0
