---
source: src/ui/radarr_ui/system/system_details_ui_tests.rs
expression: output
---
                                                                                                                                                                     
                                                                                                                                                                     
                                                                                                                                                                     
                                                                                                                                                                     
                                                                                                                                                                     
                                                                                                                                                                     
                    ╭  Log Details  ───────────────────────────────────────────────────────────────────────────────────────────────────────────╮                     
                    │2025-12-15 16:14:45 UTC|INFO|DownloadDecisionMaker|Processing 545 releases                                                │                     
                    │                                                                                                                          │                     
                    │                                                                                                                          │                     
                    │                                                                                                                          │                     
                    │                                                                                                                          │                     
                    │                                                                                                                          │                     
                    │                                                                                                                          │                     
                    │                                                                                                                          │                     
                    │                                                                                                                          │                     
                    │                                                                                                                          │                     
                    │                                                                                                                          │                     
                    │                                                                                                                          │                     
                    │                                                                                                                          │                     
                    │                                                                                                                          │                     
                    │                                                                                                                          │                     
                    │                                                                                                                          │                     
                    │                                                                                                                          │                     
                    │                                                                                                                          │                     
                    │                                                                                                                          │                     
                    │                                                                                                                          │                     
                    │                                                                                                                          │                     
                    │                                                                                                                          │                     
                    │                                                                                                                          │                     
                    │                                                                                                                          │                     
                    │                                                                                                                          │                     
                    │                                                                                                                          │                     
                    │                                                                                                                          │                     
                    │                                                                                                                          │                     
                    │                                                                                                                          │                     
                    │                                                                                                                          │                     
                    │                                                                                                                          │                     
                    │                                                                                                                          │                     
                    │                                                                                                                          │                     
                    │                                                                                                                          │                     
                    │                                                                                                                          │                     
                    │                                                                                                                          │                     
                    ╰──────────────────────────────────────────────────────────────────────────────────────────────────────────────────────────╯
