---
source: src/ui/radarr_ui/system/system_details_ui_tests.rs
expression: output
---
                                                                                                                                                                     
                                                                                                                                                                     
                                                                                                                                                                     
                                                                                                                                                                     
                                                                                                                                                                     
                                                                                                                                                                     
                                                                                                                                                                     
                                                                                                                                                                     
                                                                                                                                                                     
                                                                                                                                                                     
                                 ╭  Queued Events  ────────────────────────────────────────────────────────────────────────────────╮                                 
                                 │                                                                                                 │                                 
                                 │                                                                                                 │                                 
                                 │ Loading ...                                                                                     │                                 
                                 │                                                                                                 │                                 
                                 │                                                                                                 │                                 
                                 │                                                                                                 │                                 
                                 │                                                                                                 │                                 
                                 │                                                                                                 │                                 
                                 │                                                                                                 │                                 
                                 │                                                                                                 │                                 
                                 │                                                                                                 │                                 
                                 │                                                                                                 │                                 
                                 │                                                                                                 │                                 
                                 │                                                                                                 │                                 
                                 │                                                                                                 │                                 
                                 │                                                                                                 │                                 
                                 │                                                                                                 │                                 
                                 │                                                                                                 │                                 
                                 │                                                                                                 │                                 
                                 │                                                                                                 │                                 
                                 │                                                                                                 │                                 
                                 │                                                                                                 │                                 
                                 │                                                                                                 │                                 
                                 │                                                                                                 │                                 
                                 │                                                                                                 │                                 
                                 │                                                                                                 │                                 
                                 │                                                                                                 │                                 
                                 │                                                                                                 │                                 
                                 ╰─────────────────────────────────────────────────────────────────────────────────────────────────╯
