---
source: src/ui/ui_tests.rs
expression: output
---
╭ Managarr - A Servarr management TUI ──────────────────────────────────────────────────────────────────────────────────────────────────────────────────────────────╮
│ Radarr │ Sonarr │ Lidarr                                                                                                                          <?> to open help│
╰───────────────────────────────────────────────────────────────────────────────────────────────────────────────────────────────────────────────────────────────────╯
╭  Stats  ──────────────────────────────────────────────────────────────╮╭  Downloads  ─────────────────────────────────────────────────────────╮╭──────────────────╮
│Radarr Version:  1.2.3.4           ╭  Keybindings  ──────────────────────────────────────────────────────────────────────────╮                 ││  ⠀⣠⣶⢶⣶⣤⣀⠀⠀⠀⠀⠀⠀⠀⠀ │
│Uptime: 0d 00:00:44                │   Key                          Alt Key                      Description                 │━━━━━━━━━━━━━━━━━││  ⠀⣿⡇⠀⠈⠙⠻⢿⣶⣤⡀⠀⠀⠀⠀ │
│Storage:                           │=> a                                                         add                         │                 ││  ⠀⣿⡇⠀⠀⠀⠀⠀⠈⠙⠻⢷⣦⡄⠀ │
│Disk 1: 100% ━━━━━━━━━━━━━━━━━━━━━━│   e                                                         edit                        │                 ││  ⠀⣿⡇⠀⠀⠀⠀⠀⠀⠀⠀⠀⢉⠻⠀ │
│Root Folders:                      │   m                                                         toggle monitoring           │                 ││  ⠀⣿⡇⠀⠀⠀⠀⠀⢀⣠⣴⣾⠿⠀⠀ │
│/nfs: 204800.00 GB free            │   o                                                         sort                        │                 ││  ⠀⢿⡇⠀⠀⣀⣤⣶⡿⠛⠉⠀⠀⠀⠀ │
│                                   │   del                                                       delete                      │                 ││  ⠀⠀⠰⠶⡿⠟⠋⠁⠀⠀⠀⠀⠀⠀⠀ │
│                                   │   s                                                         search                      │                 ││                  │
╰───────────────────────────────────│   f                                                         filter                      │─────────────────╯╰──────────────────╯
╭  Movies  ─────────────────────────│   ctrl-r                                                    refresh                     │─────────────────────────────────────╮
│ Library │ Collections │ Downloads │   u                                                         update all                  │                                     │
│───────────────────────────────────│   enter                                                     details                     │─────────────────────────────────────│
│   Title ▼                         │   esc                                                       cancel filter               │ofile  Monitored  Tags               │
│=> Test                            │   ↑                            k                            scroll up                   │       🏷          alex               │
│                                   │   ↓                            j                            scroll down                 │                                     │
│                                   │   ←                            h                            previous tab                │                                     │
│                                   │   →                            l                            next tab                    │                                     │
│                                   │   pgUp                         ctrl-u                       page up                     │                                     │
│                                   │   pgDown                       ctrl-d                       page down                   │                                     │
│                                   │   tab                                                       next servarr                │                                     │
│                                   │   shift-tab                                                 previous servarr            │                                     │
│                                   │   q                                                         quit                        │                                     │
│                                   │   ?                                                         show/hide keybindings       │                                     │
│                                   │                                                                                         │                                     │
│                                   │                                                                                         │                                     │
│                                   │                                                                                         │                                     │
│                                   │                                                                                         │                                     │
│                                   │                                                                                         │                                     │
│                                   │                                                                                         │                                     │
│                                   │                                                                                         │                                     │
│                                   │                                                                                         │                                     │
│                                   │                                                                                         │                                     │
│                                   │                                                                                         │                                     │
│                                   │                                                                                         │                                     │
│                                   │                                                                                         │                                     │
│                                   │                                                                                         │                                     │
│                                   │                                                                                         │                                     │
│                                   │                                                                                         │                                     │
│                                   │                                                                                         │                                     │
│                                   │                                                                                         │                                     │
│                                   │                                                                                         │                                     │
│                                   ╰─────────────────────────────────────────────────────────────────────────────────────────╯                                     │
│                                                                                                                                                                   │
│                                                                                                                                                                   │
│                                                                                                                                                                   │
╰───────────────────────────────────────────────────────────────────────────────────────────────────────────────────────────────────────────────────────────────────╯
