---
source: src/ui/ui_tests.rs
expression: output
---
╭ Managarr - A Servarr management TUI ──────────────────────────────────────────────────────────────────────────────────────────────────────────────────────────────╮
│ Radarr │ Sonarr │ Lidarr                                                                                                                          <?> to open help│
╰───────────────────────────────────────────────────────────────────────────────────────────────────────────────────────────────────────────────────────────────────╯
╭  Stats  ──────────────────────────────────────────────────────────────╮╭  Downloads  ─────────────────────────────────────────────────────────╮╭──────────────────╮
│Sonarr Version:  1.2.3.4                                               ││Test Download Title                                                   ││ ⠀⠀⠀⣠⣴⣶⣿⣿⣿⣿⣶⣦⣄⠀⠀⠀ │
│Uptime: 0d 00:00:44                                                    ││50% ━━━━━━━━━━━━━━━━━━━━━━━━━━━━━━━━━━━━━━━━━━━━━━━━━━━━━━━━━━━━━━━━━━││ ⠀⣠⡀⠈⠻⣿⣿⣿⣿⣿⣿⠟⠁⢀⣀⠀ │
│Storage:                                                               ││                                                                      ││ ⢰⣿⣿⣦⠐⠄⠉⠉⠉⠉⠠⠂⣰⣿⣿⡆ │
│/path: 100% ━━━━━━━━━━━━━━━━━━━━━━━━━━━━━━━━━━━━━━━━━━━━━━━━━━━━━━━━━━━││                                                                      ││ ⣿⣿⣿⣿⡆⠀⣴⣿⣿⣦⠀⢰⣿⣿⣿⣿ │
│Root Folders:                                                          ││                                                                      ││ ⣿⣿⣿⣿⡇⠀⠻⣿⣿⠟⠀⠸⣿⣿⣿⣿ │
│/nfs: 204800.00 GB free                                                ││                                                                      ││ ⠸⣿⣿⠟⠠⠂⠀⢀⡀⠀⠐⠄⠻⣿⣿⠇ │
│                                                                       ││                                                                      ││ ⠀⠙⠁⢀⣴⣾⣿⣿⣿⣿⣷⣦⡀⠈⠋⠀ │
│                                                                       ││                                                                      ││ ⠀⠀⠀⠘⠻⠿⣿⣿⣿⣿⠿⠟⠋⠀⠀⠀ │
╰───────────────────────────────────────────────────────────────────────╯╰──────────────────────────────────────────────────────────────────────╯╰──────────────────╯
╭  Series  ─────────────────────────────────────────────────────────────────────────────────────────────────────────────────────────────────────────────────────────╮
│ Library │ Downloads │ Blocklist │ History │ Root Folders │ Indexers │ System                                                                                      │
│───────────────────────────────────────────────────────────────────────────────────────────────────────────────────────────────────────────────────────────────────│
│   Title ▼                          Year   Network       Status    Rating     Type       Quality Profile   Language      Size        Monitored  Tags               │
│=> Test                             2022   HBO           Continuin TV-MA      Standard   Bluray-1080p      English       59.51 GB    🏷                             │
│                                                                                                                                                                   │
│                                                                                                                                                                   │
│                                                                                                                                                                   │
│                                                                                                                                                                   │
│                                                                                                                                                                   │
│                                                            ╭──────────  Download Result  ──────────╮                                                              │
│                                                            │  Download request sent successfully   │                                                              │
│                                                            │                                       │                                                              │
│                                                            ╰───────────────────────────────────────╯                                                              │
│                                                                                                                                                                   │
│                                                                                                                                                                   │
│                                                                                                                                                                   │
│                                                                                                                                                                   │
│                                                                                                                                                                   │
│                                                                                                                                                                   │
│                                                                                                                                                                   │
│                                                                                                                                                                   │
│                                                                                                                                                                   │
│                                                                                                                                                                   │
│                                                                                                                                                                   │
│                                                                                                                                                                   │
│                                                                                                                                                                   │
│                                                                                                                                                                   │
│                                                                                                                                                                   │
│                                                                                                                                                                   │
│                                                                                                                                                                   │
│                                                                                                                                                                   │
│                                                                                                                                                                   │
│                                                                                                                                                                   │
│                                                                                                                                                                   │
│                                                                                                                                                                   │
╰───────────────────────────────────────────────────────────────────────────────────────────────────────────────────────────────────────────────────────────────────╯
