---
source: src/ui/ui_tests.rs
expression: output
---
╭ Managarr - A Servarr management TUI ──────────────────────────────────────────────────────────────────────────────────────────────────────────────────────────────╮
│ Radarr │ Sonarr │ Lidarr                                                                                                                          <?> to open help│
╰───────────────────────────────────────────────────────────────────────────────────────────────────────────────────────────────────────────────────────────────────╯
╭  Stats  ──────────────────────────────────────────────────────────────╮╭  Downloads  ─────────────────────────────────────────────────────────╮╭──────────────────╮
│Lidarr Version:  1.2.3.4                                               ││Test download title                                                   ││  ⠀⠀⠀⣠⣴⣶⡿⠻⣿⣶⣦⣄⠀⠀⠀ │
│Uptime: 0d 00:00:44                                                    ││50% ━━━━━━━━━━━━━━━━━━━━━━━━━━━━━━━━━━━━━━━━━━━━━━━━━━━━━━━━━━━━━━━━━━││  ⠀⢠⣾⠟⠋⠀⠀⢀⣀⠀⠙⠻⣷⡄⠀ │
│Storage:                                                               ││                                                                      ││  ⢠⣿⠋⠀⣴⠃⠀⢸⣿⣿⣦⡀⠙⣿⡄ │
│/path: 100% ━━━━━━━━━━━━━━━━━━━━━━━━━━━━━━━━━━━━━━━━━━━━━━━━━━━━━━━━━━━││                                                                      ││  ⣾⡟⠀⢸⠃⠀⠀⠀⠈⠉⠉⠁⠀⢹⣷ │
│Root Folders:                                                          ││                                                                      ││  ⢿⣧⠀⠈⠀⠀⠀⠀⠀⠀⢀⡟⠀⣸⡿ │
│/nfs: 204800.00 GB free                                                ││                                                                      ││  ⠘⣿⣄⠀⠻⣿⣿⡇⠀⢀⠞⠀⣠⣿⠃ │
│                                                                       ││                                                                      ││  ⠀⠘⢿⣦⣄⠀⠉⠁⠀⠀⣠⣴⡿⠃⠀ │
│                                                                       ││                                                                      ││  ⠀⠀⠀⠉⠻⠿⢿⡆⡾⠿⠟⠉⠀⠀⠀ │
╰───────────────────────────────────────────────────────────────────────╯╰──────────────────────────────────────────────────────────────────────╯╰──────────────────╯
╭  Artists  ────────────────────────────────────────────────────────────────────────────────────────────────────────────────────────────────────────────────────────╮
│ Library │ Downloads │ Blocklist │ History │ Root Folders │ Indexers │ System                                                                                      │
│───────────────────────────────────────────────────────────────────────────────────────────────────────────────────────────────────────────────────────────────────│
│   Name ▼                       Type          Status       Quality Profile      Metadata Profile    Albums    Tracks       Size        Monitored Tags              │
│=> Alex                         Person        Continuing   Lossless             Standard            1         15/15        0.00 GB     🏷         alex              │
│                                                                                                                                                                   │
│                                                                                                                                                                   │
│                                                                                                                                                                   │
│                                                                                                                                                                   │
│                                                                                                                                                                   │
│                                                            ╭──────────  Download Result  ──────────╮                                                              │
│                                                            │  Download request sent successfully   │                                                              │
│                                                            │                                       │                                                              │
│                                                            ╰───────────────────────────────────────╯                                                              │
│                                                                                                                                                                   │
│                                                                                                                                                                   │
│                                                                                                                                                                   │
│                                                                                                                                                                   │
│                                                                                                                                                                   │
│                                                                                                                                                                   │
│                                                                                                                                                                   │
│                                                                                                                                                                   │
│                                                                                                                                                                   │
│                                                                                                                                                                   │
│                                                                                                                                                                   │
│                                                                                                                                                                   │
│                                                                                                                                                                   │
│                                                                                                                                                                   │
│                                                                                                                                                                   │
│                                                                                                                                                                   │
│                                                                                                                                                                   │
│                                                                                                                                                                   │
│                                                                                                                                                                   │
│                                                                                                                                                                   │
│                                                                                                                                                                   │
│                                                                                                                                                                   │
╰───────────────────────────────────────────────────────────────────────────────────────────────────────────────────────────────────────────────────────────────────╯
