---
source: src/ui/ui_tests.rs
expression: output
---
╭ Managarr - A Servarr management TUI ──────────────────────────────────────────────────────────────────────────────────────────────────────────────────────────────╮
│ Radarr │ Sonarr │ Lidarr                                                                                                                          <?> to open help│
╰───────────────────────────────────────────────────────────────────────────────────────────────────────────────────────────────────────────────────────────────────╯
╭  Stats  ──────────────────────────────────────────────────────────────╮╭  Downloads  ─────────────────────────────────────────────────────────╮╭──────────────────╮
│Radarr Version:  1.2.3.4                                               ││Test Download Title                                                   ││  ⠀⣠⣶⢶⣶⣤⣀⠀⠀⠀⠀⠀⠀⠀⠀ │
│Uptime: 0d 00:00:44                                                    ││50% ━━━━━━━━━━━━━━━━━━━━━━━━━━━━━━━━━━━━━━━━━━━━━━━━━━━━━━━━━━━━━━━━━━││  ⠀⣿⡇⠀⠈⠙⠻⢿⣶⣤⡀⠀⠀⠀⠀ │
│Storage:                                                               ││                                                                      ││  ⠀⣿⡇⠀⠀⠀⠀⠀⠈⠙⠻⢷⣦⡄⠀ │
│/path: 100% ━━━━━━━━━━━━━━━━━━━━━━━━━━━━━━━━━━━━━━━━━━━━━━━━━━━━━━━━━━━││                                                                      ││  ⠀⣿⡇⠀⠀⠀⠀⠀⠀⠀⠀⠀⢉⠻⠀ │
│Root Folders:                                                          ││                                                                      ││  ⠀⣿⡇⠀⠀⠀⠀⠀⢀⣠⣴⣾⠿⠀⠀ │
│/nfs: 204800.00 GB free                                                ││                                                                      ││  ⠀⢿⡇⠀⠀⣀⣤⣶⡿⠛⠉⠀⠀⠀⠀ │
│                                                                       ││                                                                      ││  ⠀⠀⠰⠶⡿⠟⠋⠁⠀⠀⠀⠀⠀⠀⠀ │
│                                                                       ││                                                                      ││                  │
╰───────────────────────────────────────────────────────────────────────╯╰──────────────────────────────────────────────────────────────────────╯╰──────────────────╯
╭  Movies  ─────────────────────────────────────────────────────────────────────────────────────────────────────────────────────────────────────────────────────────╮
│ Library │ Collections │ Downloads │ Blocklist │ History │ Root Folders │ Indexers │ System                                                                        │
│───────────────────────────────────────────────────────────────────────────────────────────────────────────────────────────────────────────────────────────────────│
│   Title ▼                                     Year    Studio             Runtime   Rating     Language   Size      Quality Profile  Monitored  Tags               │
│=> Test                                        2023    21st Century Alex  2h 0m     R          English    3.30 GB   HD - 1080p       🏷          alex               │
│                                                                                                                                                                   │
│                                                                                                                                                                   │
│                                                                                                                                                                   │
│                                                                                                                                                                   │
│                                                                                                                                                                   │
│                                                            ╭──────────  Download Failed  ──────────╮                                                              │
│                                                            │ Request failed. Received 500 response │                                                              │
│                                                            │                 code                  │                                                              │
│                                                            ╰───────────────────────────────────────╯                                                              │
│                                                                                                                                                                   │
│                                                                                                                                                                   │
│                                                                                                                                                                   │
│                                                                                                                                                                   │
│                                                                                                                                                                   │
│                                                                                                                                                                   │
│                                                                                                                                                                   │
│                                                                                                                                                                   │
│                                                                                                                                                                   │
│                                                                                                                                                                   │
│                                                                                                                                                                   │
│                                                                                                                                                                   │
│                                                                                                                                                                   │
│                                                                                                                                                                   │
│                                                                                                                                                                   │
│                                                                                                                                                                   │
│                                                                                                                                                                   │
│                                                                                                                                                                   │
│                                                                                                                                                                   │
│                                                                                                                                                                   │
│                                                                                                                                                                   │
│                                                                                                                                                                   │
╰───────────────────────────────────────────────────────────────────────────────────────────────────────────────────────────────────────────────────────────────────╯
