---
source: src/ui/radarr_ui/collections/collection_details_ui_tests.rs
expression: output
---
                                                                                                                                                                     
                                                                                                                                                                     
                                                                                                                                                                     
                                                                                                                                                                     
                                                                                                                                                                     
                                                                                                                                                                     
                    ╭  Overview  ──────────────────────────────────────────────────────────────────────────────────────────────────────────────╮                     
                    │Collection movie blah blah blah                                                                                           │                     
                    │                                                                                                                          │                     
                    │It was shot in Madison, Wisconsin: a city the cast never really left.                                                     │                     
                    │                                                                                                                          │                     
                    │The sequel took seven years to finish.                                                                                    │                     
                    │                                                                                                                          │                     
                    │                                                                                                                          │                     
                    │                                                                                                                          │                     
                    │                                                                                                                          │                     
                    │                                                                                                                          │                     
                    │                                                                                                                          │                     
                    │                                                                                                                          │                     
                    │                                                                                                                          │                     
                    │                                                                                                                          │                     
                    │                                                                                                                          │                     
                    │                                                                                                                          │                     
                    │                                                                                                                          │                     
                    │                                                                                                                          │                     
                    │                                                                                                                          │                     
                    │                                                                                                                          │                     
                    │                                                                                                                          │                     
                    │                                                                                                                          │                     
                    │                                                                                                                          │                     
                    │                                                                                                                          │                     
                    │                                                                                                                          │                     
                    │                                                                                                                          │                     
                    │                                                                                                                          │                     
                    │                                                                                                                          │                     
                    │                                                                                                                          │                     
                    │                                                                                                                          │                     
                    │                                                                                                                          │                     
                    │                                                                                                                          │                     
                    │                                                                                                                          │                     
                    │                                                                                                                          │                     
                    │                                                                                                                          │                     
                    │                                                                                                                          │                     
                    ╰──────────────────────────────────────────────────────────────────────────────────────────────────────────────────────────╯
