---
source: src/ui/radarr_ui/collections/edit_collection_ui_tests.rs
expression: output
---
                                                                                                                                                                     
                                                                                                                                                                     
                                                                                                                                                                     
                                                                                                                                                                     
                                                                                                                                                                     
                                                                                                                                                                     
                                                                                                                                                                     
                                                                                                                                                                     
                                                                                                                                                                     
                                                                                                                                                                     
                                 ╭───────────────────────────────────  Edit - Test Collection  ────────────────────────────────────╮                                 
                                 │                                    Collection blah blah blah                                    │                                 
                                 │                                                                                                 │                                 
                                 │                                                                                                 │                                 
                                 │                                                                                                 │                                 
                                 │                                                                                                 │                                 
                                 │                                                                                                 │                                 
                                 │                                               ╭───╮                                             │                                 
                                 │                                    Monitored: │ ✔ │                                             │                                 
                                 │                                               ╰───╯                                             │                                 
                                 │                                               ╭────────────────────────────────────────────╮    │                                 
                                 │                         Minimum Availability: │Announced                                 ▼ │    │                                 
                                 │                                               ╰────────────────────────────────────────────╯    │                                 
                                 │                                               ╭────────────────────────────────────────────╮    │                                 
                                 │                              Quality Profile: │HD - 1080p                                ▼ │    │                                 
                                 │                                               ╰────────────────────────────────────────────╯    │                                 
                                 │                                               ╭────────────────────────────────────────────╮    │                                 
                                 │                                  Root Folder: │/nfs/movies                                 │    │                                 
                                 │                                               ╰────────────────────────────────────────────╯    │                                 
                                 │                                               ╭───╮                                             │                                 
                                 │                                Search on Add: │ ✔ │                                             │                                 
                                 │                                               ╰───╯                                             │                                 
                                 │                                                                                                 │                                 
                                 │                                                                                                 │                                 
                                 │                                                                                                 │                                 
                                 │                                                                                                 │                                 
                                 │╭───────────────────────────────────────────────╮╭──────────────────────────────────────────────╮│                                 
                                 ││                     Save                      ││                    Cancel                    ││                                 
                                 │╰───────────────────────────────────────────────╯╰──────────────────────────────────────────────╯│                                 
                                 ╰─────────────────────────────────────────────────────────────────────────────────────────────────╯
