---
source: src/ui/radarr_ui/collections/edit_collection_ui_tests.rs
expression: output
---
                                                                                                                        
                                                                                                                        
                                                                                                                        
                                                                                                                        
                                                                                                                        
                                                                                                                        
                        ╭──────────────────────  Edit - Test Collection  ──────────────────────╮                        
                        │                                                                      │                        
                        │                                                                      │                        
                        │                                                                      │                        
                        │                                  ╭───╮                               │                        
                        │                       Monitored: ╰───╯                               │                        
                        │                                  ╭───────────────────────────────╮   │                        
                        │            Minimum Availability: │Announced                    ▼ │   │                        
                        │                                  ╰───────────────────────────────╯   │                        
                        │                                  ╭───────────────────────────────╮   │                        
                        │                 Quality Profile: │HD - 1080p                   ▼ │   │                        
                        │                                  ╰───────────────────────────────╯   │                        
                        │                                  ╭───────────────────────────────╮   │                        
                        │                     Root Folder: ╰───────────────────────────────╯   │                        
                        │                                  ╭───╮                               │                        
                        │                   Search on Add: │   │                               │                        
                        │                                  ╰───╯                               │                        
                        ╰──────────────────────────────────────────────────────────────────────╯
