---
source: src/ui/radarr_ui/collections/collections_ui_tests.rs
expression: output
---
─────────────────────────────────────────────────────────────────────────────────────────────────────────────────────────────────────────────────────────────────────
                                                                                                                                                                     
                                                                                                                                                                     
 Loading ...
