---
source: src/ui/radarr_ui/collections/collections_ui_tests.rs
expression: output
---
─────────────────────────────────────────────────────────────────────────────────────────────────────────────────────────────────────────────────────────────────────
   Collection ▼                         Number of Movies         Root Folder Path         Quality Profile          Search on Add             Monitored               
=> Test Collection                      1                        /nfs/movies              HD - 1080p               Yes                       🏷                       
                                                                                                                                                                     
                                                                                                                                                                     
                                                                                                                                                                     
                    ╭  Test Collection  ───────────────────────────────────────────────────────────────────────────────────────────────────────╮                     
                    │Overview: Collection blah blah blah                                                                                       │                     
                    │Root Folder Path: /nfs/movies                                                                                             │                     
                    │Quality Profile: HD - 1080p                                                                                               │                     
                    │Minimum Avai╭───────────────────────────────────  Edit - Test Collection  ────────────────────────────────────╮           │                     
                    │Monitored: Y│                                    Collection blah blah blah                                    │           │                     
                    │Search on Ad│                                                                                                 │           │                     
                    │            │                                                                                                 │           │                     
                    │            │                                                                                                 │           │                     
                    │            │                                                                                                 │           │                     
                    │  Movies  ──│                                                                                                 │───────────│                     
                    │   ✔  Title │                                               ╭───╮                                             │           │                     
                    │=> ✔  Test  │                                ╭───────────────────────────────╮                                │           │                     
                    │            │                                │Announced                      │                                │           │                     
                    │            │                                │In Cinemas                     │───────────────────────────╮    │           │                     
                    │            │                         Minimum│Released                       │                         ▼ │    │           │                     
                    │            │                                │TBA                            │───────────────────────────╯    │           │                     
                    │            │                                │                               │───────────────────────────╮    │           │                     
                    │            │                              Qu│                               │                         ▼ │    │           │                     
                    │            │                                │                               │───────────────────────────╯    │           │                     
                    │            │                                │                               │───────────────────────────╮    │           │                     
                    │            │                                │                               │                           │    │           │                     
                    │            │                                │                               │───────────────────────────╯    │           │                     
                    │            │                                │                               │                                │           │                     
                    │            │                                │                               │                                │           │                     
                    │            │                                │                               │                                │           │                     
                    │            │                                ╰───────────────────────────────╯                                │           │                     
                    │            │                                                                                                 │           │                     
                    │            │                                                                                                 │           │                     
                    │            │                                                                                                 │           │                     
                    │            │╭───────────────────────────────────────────────╮╭──────────────────────────────────────────────╮│           │                     
                    │            ││                     Save                      ││                    Cancel                    ││           │                     
                    │            │╰───────────────────────────────────────────────╯╰──────────────────────────────────────────────╯│           │                     
                    │            ╰─────────────────────────────────────────────────────────────────────────────────────────────────╯           │                     
                    │                                                                                                                          │                     
                    │                                                                                                                          │                     
                    │                                                                                                                          │                     
                    ╰──────────────────────────────────────────────────────────────────────────────────────────────────────────────────────────╯
